// Jest Snapshot v1, https://goo.gl/fbAQLP

exports[`ChallengerWelcome Matches DOM Snapshot 1`] = `
<div>
  <div
    class="challenger-welcome"
  >
    <div
      class="content-1"
    >
      <img
        alt="background"
        class="background"
        data-nimg="1"
        decoding="async"
        height="40"
        loading="lazy"
        src="/_next/image?url=%2Fimg.jpg&w=96&q=75"
        srcset="/_next/image?url=%2Fimg.jpg&w=48&q=75 1x, /_next/image?url=%2Fimg.jpg&w=96&q=75 2x"
        style="color: transparent;"
        width="40"
      />
      <div
        class="container"
      >
        <img
          alt="8by8 Logo"
          class="logo"
          data-nimg="1"
          decoding="async"
          height="40"
          loading="lazy"
          src="/_next/image?url=%2Fimg.jpg&w=96&q=75"
          srcset="/_next/image?url=%2Fimg.jpg&w=48&q=75 1x, /_next/image?url=%2Fimg.jpg&w=96&q=75 2x"
          style="color: transparent;"
          width="40"
        />
      </div>
    </div>
    <div
      class="content-2"
    >
      <div
        class="normal-title"
      >
        Welcome!
      </div>
      <p
        class="normal-text"
      >
        Closing the voter registration gap has to be a community effort, so we're asking everyone to join us in taking the #8by8Challengeâ€”register 8 friends to register to vote in 8 days!
      </p>
      <button
        class="gradient-button"
      >
        Get Started
      </button>
      <p
        class="small-text"
      >
        Already have an account?
         
        <span
          class="link"
        >
          Sign in
        </span>
      </p>
      <p
        class="link link-2"
      >
        See why others are doing it
      </p>
    </div>
    <div
      class="content-3"
    >
      <div
        class="small-title"
      >
        Here's How it Works
      </div>
      <div
        class="normal-heading"
      >
        1. Sign Up
      </div>
      <p
        class="normal-text"
      >
        Sign up with your name and email address to get started.
      </p>
      <img
        alt="sign up"
        class="center-img"
        data-nimg="1"
        decoding="async"
        height="40"
        loading="lazy"
        src="/_next/image?url=%2Fimg.jpg&w=96&q=75"
        srcset="/_next/image?url=%2Fimg.jpg&w=48&q=75 1x, /_next/image?url=%2Fimg.jpg&w=96&q=75 2x"
        style="color: transparent;"
        width="40"
      />
      <div
        class="normal-heading"
      >
        2. Invite your friends
      </div>
      <p
        class="normal-text"
      >
        Get 8 friends via social media or messaging apps to join your challenge.
      </p>
      <img
        alt="invite your friends"
        class="center-img"
        data-nimg="1"
        decoding="async"
        height="40"
        loading="lazy"
        src="/_next/image?url=%2Fimg.jpg&w=96&q=75"
        srcset="/_next/image?url=%2Fimg.jpg&w=48&q=75 1x, /_next/image?url=%2Fimg.jpg&w=96&q=75 2x"
        style="color: transparent;"
        width="40"
      />
      <div
        class="normal-heading"
      >
        3. Friends take action
      </div>
      <p
        class="normal-text"
      >
        Your friends can support your challenge by taking 1 of 3 actions: register to vote, set up election reminders, or take the challenge themselves. You'll earn 1 badge per friend who takes action!
      </p>
      <img
        alt="friends take action"
        class="center-img"
        data-nimg="1"
        decoding="async"
        height="40"
        loading="lazy"
        src="/_next/image?url=%2Fimg.jpg&w=96&q=75"
        srcset="/_next/image?url=%2Fimg.jpg&w=48&q=75 1x, /_next/image?url=%2Fimg.jpg&w=96&q=75 2x"
        style="color: transparent;"
        width="40"
      />
      <div
        class="normal-heading"
      >
        4. Win the challenge, get a reward!
      </div>
      <p
        class="normal-text"
      >
        When you get 8 badges in 8 days, you win the challenge! Most importantly, you helped the community move closer to greater AAPI representation!
      </p>
      <img
        alt="earn 8 badges in 8 days"
        class="center-img"
        data-nimg="1"
        decoding="async"
        height="40"
        loading="lazy"
        src="/_next/image?url=%2Fimg.jpg&w=96&q=75"
        srcset="/_next/image?url=%2Fimg.jpg&w=48&q=75 1x, /_next/image?url=%2Fimg.jpg&w=96&q=75 2x"
        style="color: transparent;"
        width="40"
      />
      <button
        class="gradient-button"
        id="get-started"
      >
        Get Started
      </button>
      <p
        class="small-text"
      >
        Already have an account?
         
        <span
          class="link"
        >
          Sign in
        </span>
      </p>
    </div>
  </div>
</div>
`;
