// Jest Snapshot v1, https://goo.gl/fbAQLP

exports[`Actions checks if the correct elements appear when the user has completed one action and the inviter has finished their challenge and rewards are available 1`] = `
<div>
  <div
    class="outer_container"
  >
    <div
      class="inner_container"
    >
      <div>
        <section
          class="section_1"
        >
          <div
            class="status"
          >
            <h1
              class="heading"
            >
              <span>
                Challenge 
                <br />
                Won! 
              </span>
            </h1>
            <div
              class="avatar_container"
            >
              <div>
                <img
                  alt="Inviter Avatar"
                  data-nimg="1"
                  decoding="async"
                  height="40"
                  id="inviter-avatar"
                  loading="lazy"
                  src="/_next/image?url=%2Fimg.jpg&w=96&q=75"
                  srcset="/_next/image?url=%2Fimg.jpg&w=48&q=75 1x, /_next/image?url=%2Fimg.jpg&w=96&q=75 2x"
                  style="color: transparent;"
                  width="40"
                />
                <img
                  alt="Inviter Crown"
                  class="crown"
                  data-nimg="1"
                  decoding="async"
                  height="40"
                  loading="lazy"
                  src="/_next/image?url=%2Fimg.jpg&w=96&q=75"
                  srcset="/_next/image?url=%2Fimg.jpg&w=48&q=75 1x, /_next/image?url=%2Fimg.jpg&w=96&q=75 2x"
                  style="color: transparent;"
                  width="40"
                />
              </div>
              <h3
                class="inviter_name"
                id="inviter-name"
              >
                Test Name
              </h3>
            </div>
          </div>
        </section>
        <div
          class="curve_container"
        >
          <img
            alt="White Curve"
            class="white_curve"
            data-nimg="1"
            decoding="async"
            draggable="false"
            height="40"
            id="white_curve"
            loading="lazy"
            src="/_next/image?url=%2Fimg.jpg&w=96&q=75"
            srcset="/_next/image?url=%2Fimg.jpg&w=48&q=75 1x, /_next/image?url=%2Fimg.jpg&w=96&q=75 2x"
            style="color: transparent;"
            width="40"
          />
        </div>
        <section
          class="section_2"
        >
          <div>
            <h3
              class="subheading"
            >
              <span>
                Test Name
                 won the 8by8 challenge, 
                <br />
                 and you get a reward!
              </span>
            </h3>
            <button
              class="first_button"
              type="button"
            >
              <span>
                Choose a Reward
              </span>
            </button>
            <button
              class="second_button"
              type="button"
            >
              <span>
                Register to vote
              </span>
            </button>
            <button
              class="second_button"
              type="button"
            >
              <span>
                Take the challenge
              </span>
            </button>
            <div>
              <h6
                class="text"
              >
                Thanks for getting election reminders!
              </h6>
              <div
                class="links_container"
              >
                <button
                  class="button_link"
                  type="button"
                >
                  Share about your action
                </button>
              </div>
            </div>
          </div>
        </section>
      </div>
    </div>
  </div>
</div>
`;
