// Jest Snapshot v1, https://goo.gl/fbAQLP

exports[`Actions renders actions page unchanged 1`] = `<div />`;
